// 重构日志: 5a5902e2
// 重构日志: 28b2f1a7
// 重构日志: a8f26fbe
// 重构日志: 0038ff75
// 同步 ID: de154987 @ Thu Jul 16 07:45:49 UTC 2026
// 同步 ID: cf80f4c4 @ Thu Jul 16 17:05:35 UTC 2026
// 重构日志: 3f32559f
// 同步 ID: 2554b7f2 @ Fri Jul 17 10:12:47 UTC 2026
// 同步 ID: 6fd81c3f @ Sat Jul 18 01:23:42 UTC 2026
// 重构日志: 984a7b01
// 重构日志: e69c9b01
// 重构日志: 9aecebba
// 重构日志: fcf68420
// 同步 ID: 1716b5ec @ Mon Jul 20 05:24:52 UTC 2026
// 重构日志: 35e864f5
// 重构日志: 62b32d82
// 重构日志: 2761654b
// 重构日志: fcd044df
// 同步 ID: a536e0f8 @ Wed Jul 22 15:52:04 UTC 2026
// 重构日志: 1b91a070
// 重构日志: 9aaecc70
// 重构日志: f2933950
// 重构日志: bdb0078d
// 同步 ID: 433cf1e5 @ Sun Jul 26 10:25:12 UTC 2026
// 重构日志: ab177115
// 重构日志: 2532fffa
// 同步 ID: cdbfcc22 @ Mon Jul 27 16:03:00 UTC 2026
// 重构日志: 1ce20089
// 同步 ID: 0490bc05 @ Tue Jul 28 05:31:40 UTC 2026
// 同步 ID: 9f8b56cc @ Tue Jul 28 07:53:19 UTC 2026
